---
http_interactions:
- request:
    method: put
    uri: https://50703846-3a59-4086-85eb-34ffe700fec9:@api.orchestrate.io/v0/test_models/instance_1
    body:
      encoding: UTF-8
      string: '{"Name":"test_1a","DESC":"desc_1a"}'
    headers:
      Content-Type:
      - application/json
      If-None-Match:
      - '"*"'
  response:
    status:
      code: 201
      message: Created
    headers:
      Content-Type:
      - application/json
      Date:
      - Thu, 27 Mar 2014 01:09:13 GMT
      Etag:
      - '"54e57a4cf8d77708"'
      Location:
      - "/v0/test_models/instance_1/refs/54e57a4cf8d77708"
      X-Orchestrate-Req-Id:
      - 69027ec0-b54c-11e3-90ce-12313d2f50f8
      Transfer-Encoding:
      - chunked
      Connection:
      - keep-alive
    body:
      encoding: UTF-8
      string: ''
    http_version: 
  recorded_at: Thu, 27 Mar 2014 01:09:13 GMT
- request:
    method: put
    uri: https://50703846-3a59-4086-85eb-34ffe700fec9:@api.orchestrate.io/v0/test_models/instance_1
    body:
      encoding: UTF-8
      string: '{"Name":"test_1b","DESC":"desc_1b"}'
    headers:
      Content-Type:
      - application/json
      If-None-Match:
      - '"*"'
  response:
    status:
      code: 412
      message: Precondition Failed
    headers:
      Content-Type:
      - application/json
      Date:
      - Thu, 27 Mar 2014 01:09:13 GMT
      X-Orchestrate-Req-Id:
      - 695077b0-b54c-11e3-8746-12313d2f7cdc
      Transfer-Encoding:
      - chunked
      Connection:
      - keep-alive
    body:
      encoding: UTF-8
      string: '{"message":"The item is already present.","code":"item_already_present"}'
    http_version: 
  recorded_at: Thu, 27 Mar 2014 01:09:14 GMT
- request:
    method: put
    uri: https://50703846-3a59-4086-85eb-34ffe700fec9:@api.orchestrate.io/v0/test_models/instance_1
    body:
      encoding: UTF-8
      string: '{"Name":"test_1c","DESC":"desc_1c"}'
    headers:
      Content-Type:
      - application/json
      If-None-Match:
      - '"*"'
  response:
    status:
      code: 412
      message: Precondition Failed
    headers:
      Content-Type:
      - application/json
      Date:
      - Thu, 27 Mar 2014 01:09:14 GMT
      X-Orchestrate-Req-Id:
      - 69991970-b54c-11e3-90ce-12313d2f50f8
      Transfer-Encoding:
      - chunked
      Connection:
      - keep-alive
    body:
      encoding: UTF-8
      string: '{"message":"The item is already present.","code":"item_already_present"}'
    http_version: 
  recorded_at: Thu, 27 Mar 2014 01:09:14 GMT
- request:
    method: get
    uri: https://50703846-3a59-4086-85eb-34ffe700fec9:@api.orchestrate.io/v0/test_models/instance_1
    body:
      encoding: US-ASCII
      string: ''
    headers: {}
  response:
    status:
      code: 200
      message: OK
    headers:
      Content-Location:
      - "/v0/test_models/instance_1/refs/54e57a4cf8d77708"
      Content-Type:
      - application/json
      Date:
      - Thu, 27 Mar 2014 01:09:14 GMT
      Etag:
      - '"54e57a4cf8d77708"'
      X-Orchestrate-Req-Id:
      - 69d251e0-b54c-11e3-ad12-12313d2f9238
      Transfer-Encoding:
      - chunked
      Connection:
      - keep-alive
    body:
      encoding: UTF-8
      string: '{"Name":"test_1a","DESC":"desc_1a"}'
    http_version: 
  recorded_at: Thu, 27 Mar 2014 01:09:14 GMT
- request:
    method: put
    uri: https://50703846-3a59-4086-85eb-34ffe700fec9:@api.orchestrate.io/v0/test_models/instance_1
    body:
      encoding: UTF-8
      string: '{"Name":"test_b2","DESC":"desc_b2"}'
    headers:
      Content-Type:
      - application/json
      If-Match:
      - '"54e57a4cf8d77708"'
  response:
    status:
      code: 201
      message: Created
    headers:
      Content-Type:
      - application/json
      Date:
      - Thu, 27 Mar 2014 01:09:15 GMT
      Etag:
      - '"576a99c6447d336c"'
      Location:
      - "/v0/test_models/instance_1/refs/576a99c6447d336c"
      X-Orchestrate-Req-Id:
      - 6a26da80-b54c-11e3-8746-12313d2f7cdc
      Transfer-Encoding:
      - chunked
      Connection:
      - keep-alive
    body:
      encoding: UTF-8
      string: ''
    http_version: 
  recorded_at: Thu, 27 Mar 2014 01:09:15 GMT
- request:
    method: put
    uri: https://50703846-3a59-4086-85eb-34ffe700fec9:@api.orchestrate.io/v0/test_models/instance_1
    body:
      encoding: UTF-8
      string: '{"Name":"test_1d","DESC":"desc_1d"}'
    headers:
      Content-Type:
      - application/json
      If-None-Match:
      - '"*"'
  response:
    status:
      code: 412
      message: Precondition Failed
    headers:
      Content-Type:
      - application/json
      Date:
      - Thu, 27 Mar 2014 01:09:15 GMT
      X-Orchestrate-Req-Id:
      - 6a723b60-b54c-11e3-90ce-12313d2f50f8
      Transfer-Encoding:
      - chunked
      Connection:
      - keep-alive
    body:
      encoding: UTF-8
      string: '{"message":"The item is already present.","code":"item_already_present"}'
    http_version: 
  recorded_at: Thu, 27 Mar 2014 01:09:15 GMT
- request:
    method: put
    uri: https://50703846-3a59-4086-85eb-34ffe700fec9:@api.orchestrate.io/v0/test_models/instance_1
    body:
      encoding: UTF-8
      string: '{"Name":"test_1e","DESC":"desc_1e"}'
    headers:
      Content-Type:
      - application/json
  response:
    status:
      code: 201
      message: Created
    headers:
      Content-Type:
      - application/json
      Date:
      - Thu, 27 Mar 2014 01:09:16 GMT
      Etag:
      - '"11a447651280d1df"'
      Location:
      - "/v0/test_models/instance_1/refs/11a447651280d1df"
      X-Orchestrate-Req-Id:
      - 6abc8ad0-b54c-11e3-ad12-12313d2f9238
      Transfer-Encoding:
      - chunked
      Connection:
      - keep-alive
    body:
      encoding: UTF-8
      string: ''
    http_version: 
  recorded_at: Thu, 27 Mar 2014 01:09:16 GMT
recorded_with: VCR 2.8.0
