---
http_interactions:
- request:
    method: put
    uri: https://50703846-3a59-4086-85eb-34ffe700fec9:@api.orchestrate.io/v0/test_models/instance_1
    body:
      encoding: UTF-8
      string: '{"Name":"test_1","DESC":null}'
    headers:
      Content-Type:
      - application/json
      If-None-Match:
      - '"*"'
  response:
    status:
      code: 201
      message: Created
    headers:
      Content-Type:
      - application/json
      Date:
      - Thu, 27 Mar 2014 01:09:09 GMT
      Etag:
      - '"75bbb51c305e5c3a"'
      Location:
      - "/v0/test_models/instance_1/refs/75bbb51c305e5c3a"
      X-Orchestrate-Req-Id:
      - 66909460-b54c-11e3-8746-12313d2f7cdc
      Transfer-Encoding:
      - chunked
      Connection:
      - keep-alive
    body:
      encoding: UTF-8
      string: ''
    http_version: 
  recorded_at: Thu, 27 Mar 2014 01:09:09 GMT
- request:
    method: put
    uri: https://50703846-3a59-4086-85eb-34ffe700fec9:@api.orchestrate.io/v0/test_models/instance_1
    body:
      encoding: UTF-8
      string: '{"Name":"test_1a","DESC":null}'
    headers:
      Content-Type:
      - application/json
      If-None-Match:
      - '"*"'
  response:
    status:
      code: 412
      message: Precondition Failed
    headers:
      Content-Type:
      - application/json
      Date:
      - Thu, 27 Mar 2014 01:09:09 GMT
      X-Orchestrate-Req-Id:
      - 66da95b0-b54c-11e3-90ce-12313d2f50f8
      Transfer-Encoding:
      - chunked
      Connection:
      - keep-alive
    body:
      encoding: UTF-8
      string: '{"message":"The item is already present.","code":"item_already_present"}'
    http_version: 
  recorded_at: Thu, 27 Mar 2014 01:09:09 GMT
- request:
    method: put
    uri: https://50703846-3a59-4086-85eb-34ffe700fec9:@api.orchestrate.io/v0/test_models/instance_1
    body:
      encoding: UTF-8
      string: '{"Name":"test_1b","DESC":null}'
    headers:
      Content-Type:
      - application/json
  response:
    status:
      code: 201
      message: Created
    headers:
      Content-Type:
      - application/json
      Date:
      - Thu, 27 Mar 2014 01:09:10 GMT
      Etag:
      - '"895a30d30bb3d0f3"'
      Location:
      - "/v0/test_models/instance_1/refs/895a30d30bb3d0f3"
      X-Orchestrate-Req-Id:
      - 6724be10-b54c-11e3-ad12-12313d2f9238
      Transfer-Encoding:
      - chunked
      Connection:
      - keep-alive
    body:
      encoding: UTF-8
      string: ''
    http_version: 
  recorded_at: Thu, 27 Mar 2014 01:09:10 GMT
- request:
    method: put
    uri: https://50703846-3a59-4086-85eb-34ffe700fec9:@api.orchestrate.io/v0/test_models/instance_2
    body:
      encoding: UTF-8
      string: '{"Name":"test_2","DESC":"desc_2"}'
    headers:
      Content-Type:
      - application/json
      If-None-Match:
      - '"*"'
  response:
    status:
      code: 201
      message: Created
    headers:
      Content-Type:
      - application/json
      Date:
      - Thu, 27 Mar 2014 01:09:10 GMT
      Etag:
      - '"eb4ffa61141379cb"'
      Location:
      - "/v0/test_models/instance_2/refs/eb4ffa61141379cb"
      X-Orchestrate-Req-Id:
      - 676f82b0-b54c-11e3-8746-12313d2f7cdc
      Transfer-Encoding:
      - chunked
      Connection:
      - keep-alive
    body:
      encoding: UTF-8
      string: ''
    http_version: 
  recorded_at: Thu, 27 Mar 2014 01:09:10 GMT
- request:
    method: put
    uri: https://50703846-3a59-4086-85eb-34ffe700fec9:@api.orchestrate.io/v0/test_models/instance_2
    body:
      encoding: UTF-8
      string: '{"Name":"test_2a","DESC":"desc_2a"}'
    headers:
      Content-Type:
      - application/json
      If-None-Match:
      - '"*"'
  response:
    status:
      code: 412
      message: Precondition Failed
    headers:
      Content-Type:
      - application/json
      Date:
      - Thu, 27 Mar 2014 01:09:11 GMT
      X-Orchestrate-Req-Id:
      - 67bc4320-b54c-11e3-90ce-12313d2f50f8
      Transfer-Encoding:
      - chunked
      Connection:
      - keep-alive
    body:
      encoding: UTF-8
      string: '{"message":"The item is already present.","code":"item_already_present"}'
    http_version: 
  recorded_at: Thu, 27 Mar 2014 01:09:11 GMT
- request:
    method: put
    uri: https://50703846-3a59-4086-85eb-34ffe700fec9:@api.orchestrate.io/v0/test_models/instance_2
    body:
      encoding: UTF-8
      string: '{"Name":"test_2c","DESC":"desc_2c"}'
    headers:
      Content-Type:
      - application/json
  response:
    status:
      code: 201
      message: Created
    headers:
      Content-Type:
      - application/json
      Date:
      - Thu, 27 Mar 2014 01:09:11 GMT
      Etag:
      - '"5889b8cad8439f38"'
      Location:
      - "/v0/test_models/instance_2/refs/5889b8cad8439f38"
      X-Orchestrate-Req-Id:
      - 68050bf0-b54c-11e3-ad12-12313d2f9238
      Transfer-Encoding:
      - chunked
      Connection:
      - keep-alive
    body:
      encoding: UTF-8
      string: ''
    http_version: 
  recorded_at: Thu, 27 Mar 2014 01:09:11 GMT
recorded_with: VCR 2.8.0
