---
http_interactions:
- request:
    method: put
    uri: https://0d41bfec-3b60-466e-b7ee-ea7b66235597:@api.orchestrate.io/v0/test_models/instance_1
    body:
      encoding: UTF-8
      string: '{"Name":"no_name","DESC":null}'
    headers:
      Content-Type:
      - application/json
  response:
    status:
      code: 201
      message: Created
    headers:
      Content-Type:
      - application/json
      Date:
      - Wed, 26 Mar 2014 02:10:38 GMT
      Etag:
      - '"4d9d9561e5f8af2e"'
      Location:
      - "/v0/test_models/instance_1/refs/4d9d9561e5f8af2e"
      X-Orchestrate-Req-Id:
      - d2d19050-b48b-11e3-ad12-12313d2f9238
      Transfer-Encoding:
      - chunked
      Connection:
      - keep-alive
    body:
      encoding: UTF-8
      string: ''
    http_version: 
  recorded_at: Wed, 26 Mar 2014 02:10:38 GMT
- request:
    method: put
    uri: https://0d41bfec-3b60-466e-b7ee-ea7b66235597:@api.orchestrate.io/v0/orchio_ref_table/4d9d9561e5f8af2e
    body:
      encoding: UTF-8
      string: '{"xcollection":"test_models","xkey":"instance_1","xref":"4d9d9561e5f8af2e","timestamp":"Wed,
        26 Mar 2014 02:10:38 GMT"}'
    headers:
      Content-Type:
      - application/json
  response:
    status:
      code: 201
      message: Created
    headers:
      Content-Type:
      - application/json
      Date:
      - Wed, 26 Mar 2014 02:10:38 GMT
      Etag:
      - '"4ab6f8616114c26a"'
      Location:
      - "/v0/orchio_ref_table/4d9d9561e5f8af2e/refs/4ab6f8616114c26a"
      X-Orchestrate-Req-Id:
      - d31e77d0-b48b-11e3-90ce-12313d2f50f8
      Transfer-Encoding:
      - chunked
      Connection:
      - keep-alive
    body:
      encoding: UTF-8
      string: ''
    http_version: 
  recorded_at: Wed, 26 Mar 2014 02:10:38 GMT
- request:
    method: put
    uri: https://0d41bfec-3b60-466e-b7ee-ea7b66235597:@api.orchestrate.io/v0/test_models/instance_1
    body:
      encoding: UTF-8
      string: '{"Name":"test_1","DESC":"The basics."}'
    headers:
      Content-Type:
      - application/json
  response:
    status:
      code: 201
      message: Created
    headers:
      Content-Type:
      - application/json
      Date:
      - Wed, 26 Mar 2014 02:10:39 GMT
      Etag:
      - '"dc89dd8ccf804339"'
      Location:
      - "/v0/test_models/instance_1/refs/dc89dd8ccf804339"
      X-Orchestrate-Req-Id:
      - d369ffc0-b48b-11e3-8746-12313d2f7cdc
      Transfer-Encoding:
      - chunked
      Connection:
      - keep-alive
    body:
      encoding: UTF-8
      string: ''
    http_version: 
  recorded_at: Wed, 26 Mar 2014 02:10:39 GMT
- request:
    method: put
    uri: https://0d41bfec-3b60-466e-b7ee-ea7b66235597:@api.orchestrate.io/v0/orchio_ref_table/dc89dd8ccf804339
    body:
      encoding: UTF-8
      string: '{"xcollection":"test_models","xkey":"instance_1","xref":"dc89dd8ccf804339","timestamp":"Wed,
        26 Mar 2014 02:10:39 GMT"}'
    headers:
      Content-Type:
      - application/json
  response:
    status:
      code: 201
      message: Created
    headers:
      Content-Type:
      - application/json
      Date:
      - Wed, 26 Mar 2014 02:10:39 GMT
      Etag:
      - '"a15b395f529fba54"'
      Location:
      - "/v0/orchio_ref_table/dc89dd8ccf804339/refs/a15b395f529fba54"
      X-Orchestrate-Req-Id:
      - d3b7aa90-b48b-11e3-ad12-12313d2f9238
      Transfer-Encoding:
      - chunked
      Connection:
      - keep-alive
    body:
      encoding: UTF-8
      string: ''
    http_version: 
  recorded_at: Wed, 26 Mar 2014 02:10:39 GMT
- request:
    method: put
    uri: https://0d41bfec-3b60-466e-b7ee-ea7b66235597:@api.orchestrate.io/v0/test_models/instance_1
    body:
      encoding: UTF-8
      string: '{"Name":"test_1","DESC":"The basics."}'
    headers:
      Content-Type:
      - application/json
  response:
    status:
      code: 201
      message: Created
    headers:
      Content-Type:
      - application/json
      Date:
      - Wed, 26 Mar 2014 02:10:40 GMT
      Etag:
      - '"dc89dd8ccf804339"'
      Location:
      - "/v0/test_models/instance_1/refs/dc89dd8ccf804339"
      X-Orchestrate-Req-Id:
      - d401d2f0-b48b-11e3-8746-12313d2f7cdc
      Transfer-Encoding:
      - chunked
      Connection:
      - keep-alive
    body:
      encoding: UTF-8
      string: ''
    http_version: 
  recorded_at: Wed, 26 Mar 2014 02:10:40 GMT
- request:
    method: put
    uri: https://0d41bfec-3b60-466e-b7ee-ea7b66235597:@api.orchestrate.io/v0/orchio_ref_table/dc89dd8ccf804339
    body:
      encoding: UTF-8
      string: '{"xcollection":"test_models","xkey":"instance_1","xref":"dc89dd8ccf804339","timestamp":"Wed,
        26 Mar 2014 02:10:40 GMT"}'
    headers:
      Content-Type:
      - application/json
  response:
    status:
      code: 201
      message: Created
    headers:
      Content-Type:
      - application/json
      Date:
      - Wed, 26 Mar 2014 02:10:40 GMT
      Etag:
      - '"ee8b8a2b7c4cc846"'
      Location:
      - "/v0/orchio_ref_table/dc89dd8ccf804339/refs/ee8b8a2b7c4cc846"
      X-Orchestrate-Req-Id:
      - d44d0cc0-b48b-11e3-ad12-12313d2f9238
      Transfer-Encoding:
      - chunked
      Connection:
      - keep-alive
    body:
      encoding: UTF-8
      string: ''
    http_version: 
  recorded_at: Wed, 26 Mar 2014 02:10:40 GMT
- request:
    method: put
    uri: https://0d41bfec-3b60-466e-b7ee-ea7b66235597:@api.orchestrate.io/v0/test_models/instance_1
    body:
      encoding: UTF-8
      string: '{"Name":"test_1","DESC":"The basics, plus some."}'
    headers:
      Content-Type:
      - application/json
  response:
    status:
      code: 201
      message: Created
    headers:
      Content-Type:
      - application/json
      Date:
      - Wed, 26 Mar 2014 02:10:41 GMT
      Etag:
      - '"4198a2cf9863822f"'
      Location:
      - "/v0/test_models/instance_1/refs/4198a2cf9863822f"
      X-Orchestrate-Req-Id:
      - d4975c30-b48b-11e3-90ce-12313d2f50f8
      Transfer-Encoding:
      - chunked
      Connection:
      - keep-alive
    body:
      encoding: UTF-8
      string: ''
    http_version: 
  recorded_at: Wed, 26 Mar 2014 02:10:41 GMT
- request:
    method: put
    uri: https://0d41bfec-3b60-466e-b7ee-ea7b66235597:@api.orchestrate.io/v0/orchio_ref_table/4198a2cf9863822f
    body:
      encoding: UTF-8
      string: '{"xcollection":"test_models","xkey":"instance_1","xref":"4198a2cf9863822f","timestamp":"Wed,
        26 Mar 2014 02:10:41 GMT"}'
    headers:
      Content-Type:
      - application/json
  response:
    status:
      code: 201
      message: Created
    headers:
      Content-Type:
      - application/json
      Date:
      - Wed, 26 Mar 2014 02:10:41 GMT
      Etag:
      - '"da79948e60f4845a"'
      Location:
      - "/v0/orchio_ref_table/4198a2cf9863822f/refs/da79948e60f4845a"
      X-Orchestrate-Req-Id:
      - d4e4dff0-b48b-11e3-8746-12313d2f7cdc
      Transfer-Encoding:
      - chunked
      Connection:
      - keep-alive
    body:
      encoding: UTF-8
      string: ''
    http_version: 
  recorded_at: Wed, 26 Mar 2014 02:10:41 GMT
- request:
    method: put
    uri: https://0d41bfec-3b60-466e-b7ee-ea7b66235597:@api.orchestrate.io/v0/test_models/instance_1
    body:
      encoding: UTF-8
      string: '{"Name":"test_1","DESC":"The basics, plus some."}'
    headers:
      Content-Type:
      - application/json
  response:
    status:
      code: 201
      message: Created
    headers:
      Content-Type:
      - application/json
      Date:
      - Wed, 26 Mar 2014 02:10:42 GMT
      Etag:
      - '"4198a2cf9863822f"'
      Location:
      - "/v0/test_models/instance_1/refs/4198a2cf9863822f"
      X-Orchestrate-Req-Id:
      - d53040d0-b48b-11e3-ad12-12313d2f9238
      Transfer-Encoding:
      - chunked
      Connection:
      - keep-alive
    body:
      encoding: UTF-8
      string: ''
    http_version: 
  recorded_at: Wed, 26 Mar 2014 02:10:42 GMT
- request:
    method: put
    uri: https://0d41bfec-3b60-466e-b7ee-ea7b66235597:@api.orchestrate.io/v0/orchio_ref_table/4198a2cf9863822f
    body:
      encoding: UTF-8
      string: '{"xcollection":"test_models","xkey":"instance_1","xref":"4198a2cf9863822f","timestamp":"Wed,
        26 Mar 2014 02:10:42 GMT"}'
    headers:
      Content-Type:
      - application/json
  response:
    status:
      code: 201
      message: Created
    headers:
      Content-Type:
      - application/json
      Date:
      - Wed, 26 Mar 2014 02:10:42 GMT
      Etag:
      - '"a915fbdafa5ca17a"'
      Location:
      - "/v0/orchio_ref_table/4198a2cf9863822f/refs/a915fbdafa5ca17a"
      X-Orchestrate-Req-Id:
      - d57b7aa0-b48b-11e3-90ce-12313d2f50f8
      Transfer-Encoding:
      - chunked
      Connection:
      - keep-alive
    body:
      encoding: UTF-8
      string: ''
    http_version: 
  recorded_at: Wed, 26 Mar 2014 02:10:42 GMT
- request:
    method: put
    uri: https://0d41bfec-3b60-466e-b7ee-ea7b66235597:@api.orchestrate.io/v0/test_models/instance_1
    body:
      encoding: UTF-8
      string: '{"Name":"test_1","DESC":"The basics, plus even more..."}'
    headers:
      Content-Type:
      - application/json
  response:
    status:
      code: 201
      message: Created
    headers:
      Content-Type:
      - application/json
      Date:
      - Wed, 26 Mar 2014 02:10:43 GMT
      Etag:
      - '"8ed10c88f401d8de"'
      Location:
      - "/v0/test_models/instance_1/refs/8ed10c88f401d8de"
      X-Orchestrate-Req-Id:
      - d5c777c0-b48b-11e3-8746-12313d2f7cdc
      Transfer-Encoding:
      - chunked
      Connection:
      - keep-alive
    body:
      encoding: UTF-8
      string: ''
    http_version: 
  recorded_at: Wed, 26 Mar 2014 02:10:43 GMT
- request:
    method: put
    uri: https://0d41bfec-3b60-466e-b7ee-ea7b66235597:@api.orchestrate.io/v0/orchio_ref_table/8ed10c88f401d8de
    body:
      encoding: UTF-8
      string: '{"xcollection":"test_models","xkey":"instance_1","xref":"8ed10c88f401d8de","timestamp":"Wed,
        26 Mar 2014 02:10:43 GMT"}'
    headers:
      Content-Type:
      - application/json
  response:
    status:
      code: 201
      message: Created
    headers:
      Content-Type:
      - application/json
      Date:
      - Wed, 26 Mar 2014 02:10:43 GMT
      Etag:
      - '"1ac65b9c9565aa2d"'
      Location:
      - "/v0/orchio_ref_table/8ed10c88f401d8de/refs/1ac65b9c9565aa2d"
      X-Orchestrate-Req-Id:
      - d61326c0-b48b-11e3-ad12-12313d2f9238
      Transfer-Encoding:
      - chunked
      Connection:
      - keep-alive
    body:
      encoding: UTF-8
      string: ''
    http_version: 
  recorded_at: Wed, 26 Mar 2014 02:10:43 GMT
- request:
    method: put
    uri: https://0d41bfec-3b60-466e-b7ee-ea7b66235597:@api.orchestrate.io/v0/test_models/instance_1
    body:
      encoding: UTF-8
      string: '{"Name":"test_1","DESC":"The basics, plus lots, then we add the kitchen
        sink!"}'
    headers:
      Content-Type:
      - application/json
  response:
    status:
      code: 201
      message: Created
    headers:
      Content-Type:
      - application/json
      Date:
      - Wed, 26 Mar 2014 02:10:44 GMT
      Etag:
      - '"963b51c1691757b8"'
      Location:
      - "/v0/test_models/instance_1/refs/963b51c1691757b8"
      X-Orchestrate-Req-Id:
      - d65d7630-b48b-11e3-90ce-12313d2f50f8
      Transfer-Encoding:
      - chunked
      Connection:
      - keep-alive
    body:
      encoding: UTF-8
      string: ''
    http_version: 
  recorded_at: Wed, 26 Mar 2014 02:10:44 GMT
- request:
    method: put
    uri: https://0d41bfec-3b60-466e-b7ee-ea7b66235597:@api.orchestrate.io/v0/orchio_ref_table/963b51c1691757b8
    body:
      encoding: UTF-8
      string: '{"xcollection":"test_models","xkey":"instance_1","xref":"963b51c1691757b8","timestamp":"Wed,
        26 Mar 2014 02:10:44 GMT"}'
    headers:
      Content-Type:
      - application/json
  response:
    status:
      code: 201
      message: Created
    headers:
      Content-Type:
      - application/json
      Date:
      - Wed, 26 Mar 2014 02:10:44 GMT
      Etag:
      - '"e4322278f863bf81"'
      Location:
      - "/v0/orchio_ref_table/963b51c1691757b8/refs/e4322278f863bf81"
      X-Orchestrate-Req-Id:
      - d6a79e90-b48b-11e3-ad12-12313d2f9238
      Transfer-Encoding:
      - chunked
      Connection:
      - keep-alive
    body:
      encoding: UTF-8
      string: ''
    http_version: 
  recorded_at: Wed, 26 Mar 2014 02:10:44 GMT
- request:
    method: get
    uri: https://0d41bfec-3b60-466e-b7ee-ea7b66235597:@api.orchestrate.io/v0/test_models?limit=100
    body:
      encoding: US-ASCII
      string: ''
    headers: {}
  response:
    status:
      code: 200
      message: OK
    headers:
      Content-Type:
      - application/json
      Date:
      - Wed, 26 Mar 2014 02:10:44 GMT
      X-Orchestrate-Req-Id:
      - d6dfeca0-b48b-11e3-90ce-12313d2f50f8
      Transfer-Encoding:
      - chunked
      Connection:
      - keep-alive
    body:
      encoding: UTF-8
      string: '{"count":1,"results":[{"path":{"collection":"test_models","key":"instance_1","ref":"963b51c1691757b8"},"value":{"Name":"test_1","DESC":"The
        basics, plus lots, then we add the kitchen sink!"}}]}'
    http_version: 
  recorded_at: Wed, 26 Mar 2014 02:10:45 GMT
- request:
    method: get
    uri: https://0d41bfec-3b60-466e-b7ee-ea7b66235597:@api.orchestrate.io/v0/orchio_ref_table?limit=100
    body:
      encoding: US-ASCII
      string: ''
    headers: {}
  response:
    status:
      code: 200
      message: OK
    headers:
      Content-Type:
      - application/json
      Date:
      - Wed, 26 Mar 2014 02:10:45 GMT
      X-Orchestrate-Req-Id:
      - d71e7c40-b48b-11e3-8746-12313d2f7cdc
      Transfer-Encoding:
      - chunked
      Connection:
      - keep-alive
    body:
      encoding: UTF-8
      string: '{"count":5,"results":[{"path":{"collection":"orchio_ref_table","key":"4198a2cf9863822f","ref":"a915fbdafa5ca17a"},"value":{"xcollection":"test_models","xkey":"instance_1","xref":"4198a2cf9863822f","timestamp":"Wed,
        26 Mar 2014 02:10:42 GMT"}},{"path":{"collection":"orchio_ref_table","key":"4d9d9561e5f8af2e","ref":"4ab6f8616114c26a"},"value":{"xcollection":"test_models","xkey":"instance_1","xref":"4d9d9561e5f8af2e","timestamp":"Wed,
        26 Mar 2014 02:10:38 GMT"}},{"path":{"collection":"orchio_ref_table","key":"8ed10c88f401d8de","ref":"1ac65b9c9565aa2d"},"value":{"xcollection":"test_models","xkey":"instance_1","xref":"8ed10c88f401d8de","timestamp":"Wed,
        26 Mar 2014 02:10:43 GMT"}},{"path":{"collection":"orchio_ref_table","key":"963b51c1691757b8","ref":"e4322278f863bf81"},"value":{"xcollection":"test_models","xkey":"instance_1","xref":"963b51c1691757b8","timestamp":"Wed,
        26 Mar 2014 02:10:44 GMT"}},{"path":{"collection":"orchio_ref_table","key":"dc89dd8ccf804339","ref":"ee8b8a2b7c4cc846"},"value":{"xcollection":"test_models","xkey":"instance_1","xref":"dc89dd8ccf804339","timestamp":"Wed,
        26 Mar 2014 02:10:40 GMT"}}]}'
    http_version: 
  recorded_at: Wed, 26 Mar 2014 02:10:45 GMT
- request:
    method: put
    uri: https://0d41bfec-3b60-466e-b7ee-ea7b66235597:@api.orchestrate.io/v0/test_models/instance_2
    body:
      encoding: UTF-8
      string: '{"Name":null,"DESC":null}'
    headers:
      Content-Type:
      - application/json
  response:
    status:
      code: 201
      message: Created
    headers:
      Content-Type:
      - application/json
      Date:
      - Wed, 26 Mar 2014 02:10:45 GMT
      Etag:
      - '"391cc0ccc53c636c"'
      Location:
      - "/v0/test_models/instance_2/refs/391cc0ccc53c636c"
      X-Orchestrate-Req-Id:
      - d7706cd0-b48b-11e3-90ce-12313d2f50f8
      Transfer-Encoding:
      - chunked
      Connection:
      - keep-alive
    body:
      encoding: UTF-8
      string: ''
    http_version: 
  recorded_at: Wed, 26 Mar 2014 02:10:45 GMT
- request:
    method: put
    uri: https://0d41bfec-3b60-466e-b7ee-ea7b66235597:@api.orchestrate.io/v0/orchio_ref_table/391cc0ccc53c636c
    body:
      encoding: UTF-8
      string: '{"xcollection":"test_models","xkey":"instance_2","xref":"391cc0ccc53c636c","timestamp":"Wed,
        26 Mar 2014 02:10:45 GMT"}'
    headers:
      Content-Type:
      - application/json
  response:
    status:
      code: 201
      message: Created
    headers:
      Content-Type:
      - application/json
      Date:
      - Wed, 26 Mar 2014 02:10:46 GMT
      Etag:
      - '"4bca21271d77eb30"'
      Location:
      - "/v0/orchio_ref_table/391cc0ccc53c636c/refs/4bca21271d77eb30"
      X-Orchestrate-Req-Id:
      - d7bb7f90-b48b-11e3-8746-12313d2f7cdc
      Transfer-Encoding:
      - chunked
      Connection:
      - keep-alive
    body:
      encoding: UTF-8
      string: ''
    http_version: 
  recorded_at: Wed, 26 Mar 2014 02:10:46 GMT
- request:
    method: put
    uri: https://0d41bfec-3b60-466e-b7ee-ea7b66235597:@api.orchestrate.io/v0/test_models/instance_2
    body:
      encoding: UTF-8
      string: '{"Name":"test_2","DESC":null}'
    headers:
      Content-Type:
      - application/json
  response:
    status:
      code: 201
      message: Created
    headers:
      Content-Type:
      - application/json
      Date:
      - Wed, 26 Mar 2014 02:10:46 GMT
      Etag:
      - '"650641fe2a245512"'
      Location:
      - "/v0/test_models/instance_2/refs/650641fe2a245512"
      X-Orchestrate-Req-Id:
      - d806b960-b48b-11e3-90ce-12313d2f50f8
      Content-Length:
      - '0'
      Connection:
      - keep-alive
    body:
      encoding: UTF-8
      string: ''
    http_version: 
  recorded_at: Wed, 26 Mar 2014 02:10:46 GMT
- request:
    method: put
    uri: https://0d41bfec-3b60-466e-b7ee-ea7b66235597:@api.orchestrate.io/v0/orchio_ref_table/650641fe2a245512
    body:
      encoding: UTF-8
      string: '{"xcollection":"test_models","xkey":"instance_2","xref":"650641fe2a245512","timestamp":"Wed,
        26 Mar 2014 02:10:46 GMT"}'
    headers:
      Content-Type:
      - application/json
  response:
    status:
      code: 201
      message: Created
    headers:
      Content-Type:
      - application/json
      Date:
      - Wed, 26 Mar 2014 02:10:47 GMT
      Etag:
      - '"96c96876f7e678ec"'
      Location:
      - "/v0/orchio_ref_table/650641fe2a245512/refs/96c96876f7e678ec"
      X-Orchestrate-Req-Id:
      - d8554e90-b48b-11e3-ad12-12313d2f9238
      Transfer-Encoding:
      - chunked
      Connection:
      - keep-alive
    body:
      encoding: UTF-8
      string: ''
    http_version: 
  recorded_at: Wed, 26 Mar 2014 02:10:47 GMT
- request:
    method: put
    uri: https://0d41bfec-3b60-466e-b7ee-ea7b66235597:@api.orchestrate.io/v0/test_models/instance_2
    body:
      encoding: UTF-8
      string: '{"Name":"test_2","DESC":"desc_2"}'
    headers:
      Content-Type:
      - application/json
  response:
    status:
      code: 201
      message: Created
    headers:
      Content-Type:
      - application/json
      Date:
      - Wed, 26 Mar 2014 02:10:47 GMT
      Etag:
      - '"eb4ffa61141379cb"'
      Location:
      - "/v0/test_models/instance_2/refs/eb4ffa61141379cb"
      X-Orchestrate-Req-Id:
      - d8a01330-b48b-11e3-8746-12313d2f7cdc
      Transfer-Encoding:
      - chunked
      Connection:
      - keep-alive
    body:
      encoding: UTF-8
      string: ''
    http_version: 
  recorded_at: Wed, 26 Mar 2014 02:10:47 GMT
- request:
    method: put
    uri: https://0d41bfec-3b60-466e-b7ee-ea7b66235597:@api.orchestrate.io/v0/orchio_ref_table/eb4ffa61141379cb
    body:
      encoding: UTF-8
      string: '{"xcollection":"test_models","xkey":"instance_2","xref":"eb4ffa61141379cb","timestamp":"Wed,
        26 Mar 2014 02:10:47 GMT"}'
    headers:
      Content-Type:
      - application/json
  response:
    status:
      code: 201
      message: Created
    headers:
      Content-Type:
      - application/json
      Date:
      - Wed, 26 Mar 2014 02:10:48 GMT
      Etag:
      - '"57128bd297dbbf21"'
      Location:
      - "/v0/orchio_ref_table/eb4ffa61141379cb/refs/57128bd297dbbf21"
      X-Orchestrate-Req-Id:
      - d8ed96f0-b48b-11e3-90ce-12313d2f50f8
      Transfer-Encoding:
      - chunked
      Connection:
      - keep-alive
    body:
      encoding: UTF-8
      string: ''
    http_version: 
  recorded_at: Wed, 26 Mar 2014 02:10:48 GMT
- request:
    method: get
    uri: https://0d41bfec-3b60-466e-b7ee-ea7b66235597:@api.orchestrate.io/v0/test_models?limit=100
    body:
      encoding: US-ASCII
      string: ''
    headers: {}
  response:
    status:
      code: 200
      message: OK
    headers:
      Content-Type:
      - application/json
      Date:
      - Wed, 26 Mar 2014 02:10:48 GMT
      X-Orchestrate-Req-Id:
      - d9274490-b48b-11e3-ad12-12313d2f9238
      Transfer-Encoding:
      - chunked
      Connection:
      - keep-alive
    body:
      encoding: UTF-8
      string: '{"count":2,"results":[{"path":{"collection":"test_models","key":"instance_1","ref":"963b51c1691757b8"},"value":{"Name":"test_1","DESC":"The
        basics, plus lots, then we add the kitchen sink!"}},{"path":{"collection":"test_models","key":"instance_2","ref":"eb4ffa61141379cb"},"value":{"Name":"test_2","DESC":"desc_2"}}]}'
    http_version: 
  recorded_at: Wed, 26 Mar 2014 02:10:48 GMT
- request:
    method: get
    uri: https://0d41bfec-3b60-466e-b7ee-ea7b66235597:@api.orchestrate.io/v0/orchio_ref_table?limit=100
    body:
      encoding: US-ASCII
      string: ''
    headers: {}
  response:
    status:
      code: 200
      message: OK
    headers:
      Content-Type:
      - application/json
      Date:
      - Wed, 26 Mar 2014 02:10:49 GMT
      X-Orchestrate-Req-Id:
      - d968e170-b48b-11e3-8746-12313d2f7cdc
      Transfer-Encoding:
      - chunked
      Connection:
      - keep-alive
    body:
      encoding: UTF-8
      string: '{"count":8,"results":[{"path":{"collection":"orchio_ref_table","key":"391cc0ccc53c636c","ref":"4bca21271d77eb30"},"value":{"xcollection":"test_models","xkey":"instance_2","xref":"391cc0ccc53c636c","timestamp":"Wed,
        26 Mar 2014 02:10:45 GMT"}},{"path":{"collection":"orchio_ref_table","key":"4198a2cf9863822f","ref":"a915fbdafa5ca17a"},"value":{"xcollection":"test_models","xkey":"instance_1","xref":"4198a2cf9863822f","timestamp":"Wed,
        26 Mar 2014 02:10:42 GMT"}},{"path":{"collection":"orchio_ref_table","key":"4d9d9561e5f8af2e","ref":"4ab6f8616114c26a"},"value":{"xcollection":"test_models","xkey":"instance_1","xref":"4d9d9561e5f8af2e","timestamp":"Wed,
        26 Mar 2014 02:10:38 GMT"}},{"path":{"collection":"orchio_ref_table","key":"650641fe2a245512","ref":"96c96876f7e678ec"},"value":{"xcollection":"test_models","xkey":"instance_2","xref":"650641fe2a245512","timestamp":"Wed,
        26 Mar 2014 02:10:46 GMT"}},{"path":{"collection":"orchio_ref_table","key":"8ed10c88f401d8de","ref":"1ac65b9c9565aa2d"},"value":{"xcollection":"test_models","xkey":"instance_1","xref":"8ed10c88f401d8de","timestamp":"Wed,
        26 Mar 2014 02:10:43 GMT"}},{"path":{"collection":"orchio_ref_table","key":"963b51c1691757b8","ref":"e4322278f863bf81"},"value":{"xcollection":"test_models","xkey":"instance_1","xref":"963b51c1691757b8","timestamp":"Wed,
        26 Mar 2014 02:10:44 GMT"}},{"path":{"collection":"orchio_ref_table","key":"dc89dd8ccf804339","ref":"ee8b8a2b7c4cc846"},"value":{"xcollection":"test_models","xkey":"instance_1","xref":"dc89dd8ccf804339","timestamp":"Wed,
        26 Mar 2014 02:10:40 GMT"}},{"path":{"collection":"orchio_ref_table","key":"eb4ffa61141379cb","ref":"57128bd297dbbf21"},"value":{"xcollection":"test_models","xkey":"instance_2","xref":"eb4ffa61141379cb","timestamp":"Wed,
        26 Mar 2014 02:10:47 GMT"}}]}'
    http_version: 
  recorded_at: Wed, 26 Mar 2014 02:10:49 GMT
recorded_with: VCR 2.8.0
