---
http_interactions:
- request:
    method: delete
    uri: https://50703846-3a59-4086-85eb-34ffe700fec9:@api.orchestrate.io/v0/test_models/instance_1?purge=true
    body:
      encoding: US-ASCII
      string: ''
    headers: {}
  response:
    status:
      code: 204
      message: No Content
    headers:
      Content-Type:
      - application/json
      Date:
      - Thu, 27 Mar 2014 01:07:45 GMT
      X-Orchestrate-Req-Id:
      - 345b0890-b54c-11e3-8746-12313d2f7cdc
      Connection:
      - keep-alive
    body:
      encoding: UTF-8
      string: ''
    http_version: 
  recorded_at: Thu, 27 Mar 2014 01:07:45 GMT
- request:
    method: delete
    uri: https://50703846-3a59-4086-85eb-34ffe700fec9:@api.orchestrate.io/v0/test_models/instance_2?purge=true
    body:
      encoding: US-ASCII
      string: ''
    headers: {}
  response:
    status:
      code: 204
      message: No Content
    headers:
      Content-Type:
      - application/json
      Date:
      - Thu, 27 Mar 2014 01:07:45 GMT
      X-Orchestrate-Req-Id:
      - 34944100-b54c-11e3-8746-12313d2f7cdc
      Connection:
      - keep-alive
    body:
      encoding: UTF-8
      string: ''
    http_version: 
  recorded_at: Thu, 27 Mar 2014 01:07:45 GMT
- request:
    method: delete
    uri: https://50703846-3a59-4086-85eb-34ffe700fec9:@api.orchestrate.io/v0/test_models/instance_3?purge=true
    body:
      encoding: US-ASCII
      string: ''
    headers: {}
  response:
    status:
      code: 204
      message: No Content
    headers:
      Content-Type:
      - application/json
      Date:
      - Thu, 27 Mar 2014 01:07:45 GMT
      X-Orchestrate-Req-Id:
      - 34cdeea0-b54c-11e3-8746-12313d2f7cdc
      Connection:
      - keep-alive
    body:
      encoding: UTF-8
      string: ''
    http_version: 
  recorded_at: Thu, 27 Mar 2014 01:07:45 GMT
- request:
    method: delete
    uri: https://50703846-3a59-4086-85eb-34ffe700fec9:@api.orchestrate.io/v0/test_models/instance_4?purge=true
    body:
      encoding: US-ASCII
      string: ''
    headers: {}
  response:
    status:
      code: 204
      message: No Content
    headers:
      Content-Type:
      - application/json
      Date:
      - Thu, 27 Mar 2014 01:07:46 GMT
      X-Orchestrate-Req-Id:
      - 3506b1e0-b54c-11e3-90ce-12313d2f50f8
      Connection:
      - keep-alive
    body:
      encoding: UTF-8
      string: ''
    http_version: 
  recorded_at: Thu, 27 Mar 2014 01:07:46 GMT
recorded_with: VCR 2.8.0
