---
http_interactions:
- request:
    method: put
    uri: https://0d41bfec-3b60-466e-b7ee-ea7b66235597:@api.orchestrate.io/v0/test_models/instance_1
    body:
      encoding: UTF-8
      string: '{"Name":"test_1a","DESC":"desc_1a"}'
    headers:
      Content-Type:
      - application/json
  response:
    status:
      code: 201
      message: Created
    headers:
      Content-Type:
      - application/json
      Date:
      - Wed, 26 Mar 2014 02:09:51 GMT
      Etag:
      - '"54e57a4cf8d77708"'
      Location:
      - "/v0/test_models/instance_1/refs/54e57a4cf8d77708"
      X-Orchestrate-Req-Id:
      - b72bc640-b48b-11e3-8746-12313d2f7cdc
      Transfer-Encoding:
      - chunked
      Connection:
      - keep-alive
    body:
      encoding: UTF-8
      string: ''
    http_version: 
  recorded_at: Wed, 26 Mar 2014 02:09:51 GMT
- request:
    method: put
    uri: https://0d41bfec-3b60-466e-b7ee-ea7b66235597:@api.orchestrate.io/v0/test_models/instance_1
    body:
      encoding: UTF-8
      string: '{"Name":"test_1b","DESC":"desc_1b"}'
    headers:
      Content-Type:
      - application/json
  response:
    status:
      code: 201
      message: Created
    headers:
      Content-Type:
      - application/json
      Date:
      - Wed, 26 Mar 2014 02:09:52 GMT
      Etag:
      - '"5623561c8baf5fc5"'
      Location:
      - "/v0/test_models/instance_1/refs/5623561c8baf5fc5"
      X-Orchestrate-Req-Id:
      - b782e6f0-b48b-11e3-ad12-12313d2f9238
      Transfer-Encoding:
      - chunked
      Connection:
      - keep-alive
    body:
      encoding: UTF-8
      string: ''
    http_version: 
  recorded_at: Wed, 26 Mar 2014 02:09:52 GMT
- request:
    method: put
    uri: https://0d41bfec-3b60-466e-b7ee-ea7b66235597:@api.orchestrate.io/v0/test_models/instance_1
    body:
      encoding: UTF-8
      string: '{"Name":"test_1c","DESC":"desc_1c"}'
    headers:
      Content-Type:
      - application/json
  response:
    status:
      code: 201
      message: Created
    headers:
      Content-Type:
      - application/json
      Date:
      - Wed, 26 Mar 2014 02:09:52 GMT
      Etag:
      - '"70a6765f39b7c9c5"'
      Location:
      - "/v0/test_models/instance_1/refs/70a6765f39b7c9c5"
      X-Orchestrate-Req-Id:
      - b7cd3660-b48b-11e3-90ce-12313d2f50f8
      Transfer-Encoding:
      - chunked
      Connection:
      - keep-alive
    body:
      encoding: UTF-8
      string: ''
    http_version: 
  recorded_at: Wed, 26 Mar 2014 02:09:52 GMT
- request:
    method: put
    uri: https://0d41bfec-3b60-466e-b7ee-ea7b66235597:@api.orchestrate.io/v0/test_models/instance_2
    body:
      encoding: UTF-8
      string: '{"Name":"test_2a","DESC":"desc_2a"}'
    headers:
      Content-Type:
      - application/json
  response:
    status:
      code: 201
      message: Created
    headers:
      Content-Type:
      - application/json
      Date:
      - Wed, 26 Mar 2014 02:09:53 GMT
      Etag:
      - '"9f64afc404107bae"'
      Location:
      - "/v0/test_models/instance_2/refs/9f64afc404107bae"
      X-Orchestrate-Req-Id:
      - b818be50-b48b-11e3-8746-12313d2f7cdc
      Transfer-Encoding:
      - chunked
      Connection:
      - keep-alive
    body:
      encoding: UTF-8
      string: ''
    http_version: 
  recorded_at: Wed, 26 Mar 2014 02:09:53 GMT
- request:
    method: put
    uri: https://0d41bfec-3b60-466e-b7ee-ea7b66235597:@api.orchestrate.io/v0/test_models/instance_3
    body:
      encoding: UTF-8
      string: '{"Name":"test_3a","DESC":"desc_3a"}'
    headers:
      Content-Type:
      - application/json
  response:
    status:
      code: 201
      message: Created
    headers:
      Content-Type:
      - application/json
      Date:
      - Wed, 26 Mar 2014 02:09:53 GMT
      Etag:
      - '"06bed4d1c8243c39"'
      Location:
      - "/v0/test_models/instance_3/refs/06bed4d1c8243c39"
      X-Orchestrate-Req-Id:
      - b865a5d0-b48b-11e3-ad12-12313d2f9238
      Transfer-Encoding:
      - chunked
      Connection:
      - keep-alive
    body:
      encoding: UTF-8
      string: ''
    http_version: 
  recorded_at: Wed, 26 Mar 2014 02:09:53 GMT
- request:
    method: put
    uri: https://0d41bfec-3b60-466e-b7ee-ea7b66235597:@api.orchestrate.io/v0/test_models/instance_4
    body:
      encoding: UTF-8
      string: '{"Name":"test_4a","DESC":"desc_4a"}'
    headers:
      Content-Type:
      - application/json
  response:
    status:
      code: 201
      message: Created
    headers:
      Content-Type:
      - application/json
      Date:
      - Wed, 26 Mar 2014 02:09:54 GMT
      Etag:
      - '"a72bc24cf34a562b"'
      Location:
      - "/v0/test_models/instance_4/refs/a72bc24cf34a562b"
      X-Orchestrate-Req-Id:
      - b8b1f110-b48b-11e3-90ce-12313d2f50f8
      Transfer-Encoding:
      - chunked
      Connection:
      - keep-alive
    body:
      encoding: UTF-8
      string: ''
    http_version: 
  recorded_at: Wed, 26 Mar 2014 02:09:54 GMT
- request:
    method: put
    uri: https://0d41bfec-3b60-466e-b7ee-ea7b66235597:@api.orchestrate.io/v0/test_models/instance_4
    body:
      encoding: UTF-8
      string: '{"Name":"test_4b","DESC":"desc_4b"}'
    headers:
      Content-Type:
      - application/json
  response:
    status:
      code: 201
      message: Created
    headers:
      Content-Type:
      - application/json
      Date:
      - Wed, 26 Mar 2014 02:09:54 GMT
      Etag:
      - '"6006bd1581b67128"'
      Location:
      - "/v0/test_models/instance_4/refs/6006bd1581b67128"
      X-Orchestrate-Req-Id:
      - b8fd7900-b48b-11e3-8746-12313d2f7cdc
      Transfer-Encoding:
      - chunked
      Connection:
      - keep-alive
    body:
      encoding: UTF-8
      string: ''
    http_version: 
  recorded_at: Wed, 26 Mar 2014 02:09:54 GMT
- request:
    method: put
    uri: https://0d41bfec-3b60-466e-b7ee-ea7b66235597:@api.orchestrate.io/v0/test_models/instance_4
    body:
      encoding: UTF-8
      string: '{"Name":"test_4c","DESC":"desc_4c"}'
    headers:
      Content-Type:
      - application/json
  response:
    status:
      code: 201
      message: Created
    headers:
      Content-Type:
      - application/json
      Date:
      - Wed, 26 Mar 2014 02:09:55 GMT
      Etag:
      - '"42148268853debb3"'
      Location:
      - "/v0/test_models/instance_4/refs/42148268853debb3"
      X-Orchestrate-Req-Id:
      - b95c3ad0-b48b-11e3-ad12-12313d2f9238
      Content-Length:
      - '0'
      Connection:
      - keep-alive
    body:
      encoding: UTF-8
      string: ''
    http_version: 
  recorded_at: Wed, 26 Mar 2014 02:09:55 GMT
- request:
    method: get
    uri: https://0d41bfec-3b60-466e-b7ee-ea7b66235597:@api.orchestrate.io/v0/test_models?limit=100
    body:
      encoding: US-ASCII
      string: ''
    headers: {}
  response:
    status:
      code: 200
      message: OK
    headers:
      Content-Type:
      - application/json
      Date:
      - Wed, 26 Mar 2014 02:09:55 GMT
      X-Orchestrate-Req-Id:
      - b9a10c00-b48b-11e3-90ce-12313d2f50f8
      Transfer-Encoding:
      - chunked
      Connection:
      - keep-alive
    body:
      encoding: UTF-8
      string: '{"count":4,"results":[{"path":{"collection":"test_models","key":"instance_1","ref":"70a6765f39b7c9c5"},"value":{"Name":"test_1c","DESC":"desc_1c"}},{"path":{"collection":"test_models","key":"instance_2","ref":"9f64afc404107bae"},"value":{"Name":"test_2a","DESC":"desc_2a"}},{"path":{"collection":"test_models","key":"instance_3","ref":"06bed4d1c8243c39"},"value":{"Name":"test_3a","DESC":"desc_3a"}},{"path":{"collection":"test_models","key":"instance_4","ref":"42148268853debb3"},"value":{"Name":"test_4c","DESC":"desc_4c"}}]}'
    http_version: 
  recorded_at: Wed, 26 Mar 2014 02:09:55 GMT
recorded_with: VCR 2.8.0
