---
http_interactions:
- request:
    method: delete
    uri: https://0d41bfec-3b60-466e-b7ee-ea7b66235597:@api.orchestrate.io/v0/test_models/instance_4
    body:
      encoding: US-ASCII
      string: ''
    headers: {}
  response:
    status:
      code: 204
      message: No Content
    headers:
      Content-Type:
      - application/json
      Date:
      - Wed, 26 Mar 2014 02:09:56 GMT
      X-Orchestrate-Req-Id:
      - b9e34520-b48b-11e3-8746-12313d2f7cdc
      Connection:
      - keep-alive
    body:
      encoding: UTF-8
      string: ''
    http_version: 
  recorded_at: Wed, 26 Mar 2014 02:09:56 GMT
- request:
    method: get
    uri: https://0d41bfec-3b60-466e-b7ee-ea7b66235597:@api.orchestrate.io/v0/test_models?limit=100
    body:
      encoding: US-ASCII
      string: ''
    headers: {}
  response:
    status:
      code: 200
      message: OK
    headers:
      Content-Type:
      - application/json
      Date:
      - Wed, 26 Mar 2014 02:09:56 GMT
      X-Orchestrate-Req-Id:
      - ba1cf2c0-b48b-11e3-ad12-12313d2f9238
      Transfer-Encoding:
      - chunked
      Connection:
      - keep-alive
    body:
      encoding: UTF-8
      string: '{"count":3,"results":[{"path":{"collection":"test_models","key":"instance_1","ref":"70a6765f39b7c9c5"},"value":{"Name":"test_1c","DESC":"desc_1c"}},{"path":{"collection":"test_models","key":"instance_2","ref":"9f64afc404107bae"},"value":{"Name":"test_2a","DESC":"desc_2a"}},{"path":{"collection":"test_models","key":"instance_3","ref":"06bed4d1c8243c39"},"value":{"Name":"test_3a","DESC":"desc_3a"}}]}'
    http_version: 
  recorded_at: Wed, 26 Mar 2014 02:09:56 GMT
- request:
    method: get
    uri: https://0d41bfec-3b60-466e-b7ee-ea7b66235597:@api.orchestrate.io/v0/test_models/instance_4
    body:
      encoding: US-ASCII
      string: ''
    headers: {}
  response:
    status:
      code: 404
      message: Not Found
    headers:
      Content-Type:
      - application/json
      Date:
      - Wed, 26 Mar 2014 02:09:57 GMT
      X-Orchestrate-Req-Id:
      - ba5d3010-b48b-11e3-90ce-12313d2f50f8
      Transfer-Encoding:
      - chunked
      Connection:
      - keep-alive
    body:
      encoding: UTF-8
      string: '{"message":"The requested items could not be found.","details":{"items":[{"collection":"test_models","key":"instance_4"}]},"code":"items_not_found"}'
    http_version: 
  recorded_at: Wed, 26 Mar 2014 02:09:57 GMT
- request:
    method: get
    uri: https://0d41bfec-3b60-466e-b7ee-ea7b66235597:@api.orchestrate.io/v0/test_models/instance_4/refs/a72bc24cf34a562b
    body:
      encoding: US-ASCII
      string: ''
    headers: {}
  response:
    status:
      code: 200
      message: OK
    headers:
      Content-Type:
      - application/json
      Date:
      - Wed, 26 Mar 2014 02:09:57 GMT
      Etag:
      - '"a72bc24cf34a562b"'
      X-Orchestrate-Req-Id:
      - ba94e1e0-b48b-11e3-8746-12313d2f7cdc
      Transfer-Encoding:
      - chunked
      Connection:
      - keep-alive
    body:
      encoding: UTF-8
      string: '{"Name":"test_4a","DESC":"desc_4a"}'
    http_version: 
  recorded_at: Wed, 26 Mar 2014 02:09:57 GMT
- request:
    method: delete
    uri: https://0d41bfec-3b60-466e-b7ee-ea7b66235597:@api.orchestrate.io/v0/test_models/instance_4?purge=true
    body:
      encoding: US-ASCII
      string: ''
    headers: {}
  response:
    status:
      code: 204
      message: No Content
    headers:
      Content-Type:
      - application/json
      Date:
      - Wed, 26 Mar 2014 02:09:57 GMT
      X-Orchestrate-Req-Id:
      - bacdf340-b48b-11e3-ad12-12313d2f9238
      Connection:
      - keep-alive
    body:
      encoding: UTF-8
      string: ''
    http_version: 
  recorded_at: Wed, 26 Mar 2014 02:09:57 GMT
- request:
    method: get
    uri: https://0d41bfec-3b60-466e-b7ee-ea7b66235597:@api.orchestrate.io/v0/test_models/instance_4/refs/a72bc24cf34a562b
    body:
      encoding: US-ASCII
      string: ''
    headers: {}
  response:
    status:
      code: 404
      message: Not Found
    headers:
      Content-Type:
      - application/json
      Date:
      - Wed, 26 Mar 2014 02:09:58 GMT
      X-Orchestrate-Req-Id:
      - bb083d20-b48b-11e3-90ce-12313d2f50f8
      Transfer-Encoding:
      - chunked
      Connection:
      - keep-alive
    body:
      encoding: UTF-8
      string: '{"message":"The requested items could not be found.","details":{"items":[{"collection":"test_models","key":"instance_4","ref":"a72bc24cf34a562b"}]},"code":"items_not_found"}'
    http_version: 
  recorded_at: Wed, 26 Mar 2014 02:09:58 GMT
- request:
    method: delete
    uri: https://0d41bfec-3b60-466e-b7ee-ea7b66235597:@api.orchestrate.io/v0/test_models/instance_1
    body:
      encoding: US-ASCII
      string: ''
    headers: {}
  response:
    status:
      code: 204
      message: No Content
    headers:
      Content-Type:
      - application/json
      Date:
      - Wed, 26 Mar 2014 02:09:58 GMT
      X-Orchestrate-Req-Id:
      - bb4916b0-b48b-11e3-8746-12313d2f7cdc
      Connection:
      - keep-alive
    body:
      encoding: UTF-8
      string: ''
    http_version: 
  recorded_at: Wed, 26 Mar 2014 02:09:58 GMT
- request:
    method: get
    uri: https://0d41bfec-3b60-466e-b7ee-ea7b66235597:@api.orchestrate.io/v0/test_models?limit=100
    body:
      encoding: US-ASCII
      string: ''
    headers: {}
  response:
    status:
      code: 200
      message: OK
    headers:
      Content-Type:
      - application/json
      Date:
      - Wed, 26 Mar 2014 02:09:59 GMT
      X-Orchestrate-Req-Id:
      - bb827630-b48b-11e3-90ce-12313d2f50f8
      Transfer-Encoding:
      - chunked
      Connection:
      - keep-alive
    body:
      encoding: UTF-8
      string: '{"count":2,"results":[{"path":{"collection":"test_models","key":"instance_2","ref":"9f64afc404107bae"},"value":{"Name":"test_2a","DESC":"desc_2a"}},{"path":{"collection":"test_models","key":"instance_3","ref":"06bed4d1c8243c39"},"value":{"Name":"test_3a","DESC":"desc_3a"}}]}'
    http_version: 
  recorded_at: Wed, 26 Mar 2014 02:09:59 GMT
- request:
    method: get
    uri: https://0d41bfec-3b60-466e-b7ee-ea7b66235597:@api.orchestrate.io/v0/test_models/instance_1
    body:
      encoding: US-ASCII
      string: ''
    headers: {}
  response:
    status:
      code: 404
      message: Not Found
    headers:
      Content-Type:
      - application/json
      Date:
      - Wed, 26 Mar 2014 02:09:59 GMT
      X-Orchestrate-Req-Id:
      - bbc090a0-b48b-11e3-ad12-12313d2f9238
      Transfer-Encoding:
      - chunked
      Connection:
      - keep-alive
    body:
      encoding: UTF-8
      string: '{"message":"The requested items could not be found.","details":{"items":[{"collection":"test_models","key":"instance_1"}]},"code":"items_not_found"}'
    http_version: 
  recorded_at: Wed, 26 Mar 2014 02:09:59 GMT
- request:
    method: get
    uri: https://0d41bfec-3b60-466e-b7ee-ea7b66235597:@api.orchestrate.io/v0/test_models/instance_1/refs/54e57a4cf8d77708
    body:
      encoding: US-ASCII
      string: ''
    headers: {}
  response:
    status:
      code: 200
      message: OK
    headers:
      Content-Type:
      - application/json
      Date:
      - Wed, 26 Mar 2014 02:09:59 GMT
      Etag:
      - '"54e57a4cf8d77708"'
      X-Orchestrate-Req-Id:
      - bbf7f450-b48b-11e3-90ce-12313d2f50f8
      Transfer-Encoding:
      - chunked
      Connection:
      - keep-alive
    body:
      encoding: UTF-8
      string: '{"Name":"test_1a","DESC":"desc_1a"}'
    http_version: 
  recorded_at: Wed, 26 Mar 2014 02:09:59 GMT
- request:
    method: get
    uri: https://0d41bfec-3b60-466e-b7ee-ea7b66235597:@api.orchestrate.io/v0/test_models/instance_1/refs/5623561c8baf5fc5
    body:
      encoding: US-ASCII
      string: ''
    headers: {}
  response:
    status:
      code: 200
      message: OK
    headers:
      Content-Type:
      - application/json
      Date:
      - Wed, 26 Mar 2014 02:10:00 GMT
      Etag:
      - '"5623561c8baf5fc5"'
      X-Orchestrate-Req-Id:
      - bc304260-b48b-11e3-8746-12313d2f7cdc
      Transfer-Encoding:
      - chunked
      Connection:
      - keep-alive
    body:
      encoding: UTF-8
      string: '{"Name":"test_1b","DESC":"desc_1b"}'
    http_version: 
  recorded_at: Wed, 26 Mar 2014 02:10:00 GMT
- request:
    method: get
    uri: https://0d41bfec-3b60-466e-b7ee-ea7b66235597:@api.orchestrate.io/v0/test_models/instance_1/refs/70a6765f39b7c9c5
    body:
      encoding: US-ASCII
      string: ''
    headers: {}
  response:
    status:
      code: 200
      message: OK
    headers:
      Content-Type:
      - application/json
      Date:
      - Wed, 26 Mar 2014 02:10:00 GMT
      Etag:
      - '"70a6765f39b7c9c5"'
      X-Orchestrate-Req-Id:
      - bc681b40-b48b-11e3-ad12-12313d2f9238
      Transfer-Encoding:
      - chunked
      Connection:
      - keep-alive
    body:
      encoding: UTF-8
      string: '{"Name":"test_1c","DESC":"desc_1c"}'
    http_version: 
  recorded_at: Wed, 26 Mar 2014 02:10:00 GMT
- request:
    method: delete
    uri: https://0d41bfec-3b60-466e-b7ee-ea7b66235597:@api.orchestrate.io/v0/test_models/instance_1?purge=true
    body:
      encoding: US-ASCII
      string: ''
    headers: {}
  response:
    status:
      code: 204
      message: No Content
    headers:
      Content-Type:
      - application/json
      Date:
      - Wed, 26 Mar 2014 02:10:00 GMT
      X-Orchestrate-Req-Id:
      - bca17ac0-b48b-11e3-90ce-12313d2f50f8
      Connection:
      - keep-alive
    body:
      encoding: UTF-8
      string: ''
    http_version: 
  recorded_at: Wed, 26 Mar 2014 02:10:00 GMT
- request:
    method: get
    uri: https://0d41bfec-3b60-466e-b7ee-ea7b66235597:@api.orchestrate.io/v0/test_models/instance_1/refs/54e57a4cf8d77708
    body:
      encoding: US-ASCII
      string: ''
    headers: {}
  response:
    status:
      code: 404
      message: Not Found
    headers:
      Content-Type:
      - application/json
      Date:
      - Wed, 26 Mar 2014 02:10:01 GMT
      X-Orchestrate-Req-Id:
      - bcd953a0-b48b-11e3-8746-12313d2f7cdc
      Transfer-Encoding:
      - chunked
      Connection:
      - keep-alive
    body:
      encoding: UTF-8
      string: '{"message":"The requested items could not be found.","details":{"items":[{"collection":"test_models","key":"instance_1","ref":"54e57a4cf8d77708"}]},"code":"items_not_found"}'
    http_version: 
  recorded_at: Wed, 26 Mar 2014 02:10:01 GMT
- request:
    method: get
    uri: https://0d41bfec-3b60-466e-b7ee-ea7b66235597:@api.orchestrate.io/v0/test_models/instance_1/refs/5623561c8baf5fc5
    body:
      encoding: US-ASCII
      string: ''
    headers: {}
  response:
    status:
      code: 404
      message: Not Found
    headers:
      Content-Type:
      - application/json
      Date:
      - Wed, 26 Mar 2014 02:10:01 GMT
      X-Orchestrate-Req-Id:
      - bd110570-b48b-11e3-ad12-12313d2f9238
      Transfer-Encoding:
      - chunked
      Connection:
      - keep-alive
    body:
      encoding: UTF-8
      string: '{"message":"The requested items could not be found.","details":{"items":[{"collection":"test_models","key":"instance_1","ref":"5623561c8baf5fc5"}]},"code":"items_not_found"}'
    http_version: 
  recorded_at: Wed, 26 Mar 2014 02:10:01 GMT
- request:
    method: get
    uri: https://0d41bfec-3b60-466e-b7ee-ea7b66235597:@api.orchestrate.io/v0/test_models/instance_1/refs/70a6765f39b7c9c5
    body:
      encoding: US-ASCII
      string: ''
    headers: {}
  response:
    status:
      code: 404
      message: Not Found
    headers:
      Content-Type:
      - application/json
      Date:
      - Wed, 26 Mar 2014 02:10:02 GMT
      X-Orchestrate-Req-Id:
      - bd595910-b48b-11e3-90ce-12313d2f50f8
      Content-Length:
      - '173'
      Connection:
      - keep-alive
    body:
      encoding: UTF-8
      string: '{"message":"The requested items could not be found.","details":{"items":[{"collection":"test_models","key":"instance_1","ref":"70a6765f39b7c9c5"}]},"code":"items_not_found"}'
    http_version: 
  recorded_at: Wed, 26 Mar 2014 02:10:02 GMT
- request:
    method: delete
    uri: https://0d41bfec-3b60-466e-b7ee-ea7b66235597:@api.orchestrate.io/v0/test_models?force=true
    body:
      encoding: US-ASCII
      string: ''
    headers: {}
  response:
    status:
      code: 204
      message: No Content
    headers:
      Content-Type:
      - application/json
      Date:
      - Wed, 26 Mar 2014 02:10:02 GMT
      X-Orchestrate-Req-Id:
      - bdb4e690-b48b-11e3-8746-12313d2f7cdc
      Connection:
      - keep-alive
    body:
      encoding: UTF-8
      string: ''
    http_version: 
  recorded_at: Wed, 26 Mar 2014 02:10:02 GMT
- request:
    method: get
    uri: https://0d41bfec-3b60-466e-b7ee-ea7b66235597:@api.orchestrate.io/v0/test_models?limit=100
    body:
      encoding: US-ASCII
      string: ''
    headers: {}
  response:
    status:
      code: 200
      message: OK
    headers:
      Content-Type:
      - application/json
      Date:
      - Wed, 26 Mar 2014 02:10:04 GMT
      X-Orchestrate-Req-Id:
      - be8c0cb0-b48b-11e3-ad12-12313d2f9238
      Transfer-Encoding:
      - chunked
      Connection:
      - keep-alive
    body:
      encoding: UTF-8
      string: '{"count":0,"results":[]}'
    http_version: 
  recorded_at: Wed, 26 Mar 2014 02:10:04 GMT
recorded_with: VCR 2.8.0
